====================================================================================================================================
  NASTRAN BDF - FORCE KARTLARI
====================================================================================================================================

     SID    G (Node)     CID     F (Scale)       N1 (Fx)       N2 (Fy)       N3 (Fz)          Fx_eff          Fy_eff          Fz_eff
------------------------------------------------------------------------------------------------------------------------------------
       1         101       0     1000.0000        1.0000        0.0000        0.0000       1000.0000          0.0000          0.0000
       1         102       0      500.0000        0.0000        1.0000        0.0000          0.0000        500.0000          0.0000
       2         201       1     2500.0000        0.0000        0.0000        1.0000          0.0000          0.0000       2500.0000
       2         202       0      750.0000        0.7070        0.7070        0.0000        530.2500        530.2500          0.0000
       3         301       0     -300.0000        1.0000        0.0000        0.0000       -300.0000         -0.0000         -0.0000
       4         401       0     1500.0000        0.0000        1.0000        0.0000          0.0000       1500.0000          0.0000
       5         501       0      800.0000        0.0000        0.0000       -1.0000          0.0000          0.0000       -800.0000
       5         502       0     1200.0000        1.0000        0.0000        0.0000       1200.0000          0.0000          0.0000
------------------------------------------------------------------------------------------------------------------------------------

Toplam 8 FORCE kaydı bulundu.
